Archive member included because of file (symbol)

/usr/local/CrossPack-AVR/bin/../lib/gcc/avr/4.5.1/avr25/libgcc.a(_exit.o)
                              /usr/local/CrossPack-AVR/bin/../lib/gcc/avr/4.5.1/../../../../avr/lib/avr25/crttn4313.o (exit)
/usr/local/CrossPack-AVR/bin/../lib/gcc/avr/4.5.1/avr25/libgcc.a(_clear_bss.o)
                              Timer1.o (__do_clear_bss)

Allocating common symbols
Common symbol       size              file

sd_sector           0x4               SD.o
fat16_buffer        0x20              SD.o
sd_pos              0x2               SD.o

Memory Configuration

Name             Origin             Length             Attributes
text             0x00000000         0x00002000         xr
data             0x00800060         0x0000ffa0         rw !x
eeprom           0x00810000         0x00010000         rw !x
fuse             0x00820000         0x00000400         rw !x
lock             0x00830000         0x00000400         rw !x
signature        0x00840000         0x00000400         rw !x
*default*        0x00000000         0xffffffff

Linker script and memory map

LOAD /usr/local/CrossPack-AVR/bin/../lib/gcc/avr/4.5.1/../../../../avr/lib/avr25/crttn4313.o
LOAD main.o
LOAD UART.o
LOAD Delay.o
LOAD Timer1.o
LOAD Timer0.o
LOAD SPI.o
LOAD SD.o
LOAD /usr/local/CrossPack-AVR/bin/../lib/gcc/avr/4.5.1/../../../../avr/lib/avr25/libm.a
LOAD /usr/local/CrossPack-AVR/bin/../lib/gcc/avr/4.5.1/avr25/libgcc.a
LOAD /usr/local/CrossPack-AVR/bin/../lib/gcc/avr/4.5.1/../../../../avr/lib/avr25/libc.a
LOAD /usr/local/CrossPack-AVR/bin/../lib/gcc/avr/4.5.1/avr25/libgcc.a

.hash
 *(.hash)

.dynsym
 *(.dynsym)

.dynstr
 *(.dynstr)

.gnu.version
 *(.gnu.version)

.gnu.version_d
 *(.gnu.version_d)

.gnu.version_r
 *(.gnu.version_r)

.rel.init
 *(.rel.init)

.rela.init
 *(.rela.init)

.rel.text
 *(.rel.text)
 *(.rel.text.*)
 *(.rel.gnu.linkonce.t*)

.rela.text
 *(.rela.text)
 *(.rela.text.*)
 *(.rela.gnu.linkonce.t*)

.rel.fini
 *(.rel.fini)

.rela.fini
 *(.rela.fini)

.rel.rodata
 *(.rel.rodata)
 *(.rel.rodata.*)
 *(.rel.gnu.linkonce.r*)

.rela.rodata
 *(.rela.rodata)
 *(.rela.rodata.*)
 *(.rela.gnu.linkonce.r*)

.rel.data
 *(.rel.data)
 *(.rel.data.*)
 *(.rel.gnu.linkonce.d*)

.rela.data
 *(.rela.data)
 *(.rela.data.*)
 *(.rela.gnu.linkonce.d*)

.rel.ctors
 *(.rel.ctors)

.rela.ctors
 *(.rela.ctors)

.rel.dtors
 *(.rel.dtors)

.rela.dtors
 *(.rela.dtors)

.rel.got
 *(.rel.got)

.rela.got
 *(.rela.got)

.rel.bss
 *(.rel.bss)

.rela.bss
 *(.rela.bss)

.rel.plt
 *(.rel.plt)

.rela.plt
 *(.rela.plt)

.text           0x00000000      0x5e8
 *(.vectors)
 .vectors       0x00000000       0x2a /usr/local/CrossPack-AVR/bin/../lib/gcc/avr/4.5.1/../../../../avr/lib/avr25/crttn4313.o
                0x00000000                __vectors
                0x00000000                __vector_default
 *(.vectors)
 *(.progmem.gcc*)
 *(.progmem*)
                0x0000002a                . = ALIGN (0x2)
                0x0000002a                __trampolines_start = .
 *(.trampolines)
 .trampolines   0x0000002a        0x0 linker stubs
 *(.trampolines*)
                0x0000002a                __trampolines_end = .
 *(.jumptables)
 *(.jumptables*)
 *(.lowtext)
 *(.lowtext*)
                0x0000002a                __ctors_start = .
 *(.ctors)
                0x0000002a                __ctors_end = .
                0x0000002a                __dtors_start = .
 *(.dtors)
                0x0000002a                __dtors_end = .
 SORT(*)(.ctors)
 SORT(*)(.dtors)
 *(.init0)
 .init0         0x0000002a        0x0 /usr/local/CrossPack-AVR/bin/../lib/gcc/avr/4.5.1/../../../../avr/lib/avr25/crttn4313.o
                0x0000002a                __init
 *(.init0)
 *(.init1)
 *(.init1)
 *(.init2)
 .init2         0x0000002a        0xc /usr/local/CrossPack-AVR/bin/../lib/gcc/avr/4.5.1/../../../../avr/lib/avr25/crttn4313.o
 *(.init2)
 *(.init3)
 *(.init3)
 *(.init4)
 .init4         0x00000036       0x10 /usr/local/CrossPack-AVR/bin/../lib/gcc/avr/4.5.1/avr25/libgcc.a(_clear_bss.o)
                0x00000036                __do_clear_bss
 *(.init4)
 *(.init5)
 *(.init5)
 *(.init6)
 *(.init6)
 *(.init7)
 *(.init7)
 *(.init8)
 *(.init8)
 *(.init9)
 .init9         0x00000046        0x4 /usr/local/CrossPack-AVR/bin/../lib/gcc/avr/4.5.1/../../../../avr/lib/avr25/crttn4313.o
 *(.init9)
 *(.text)
 .text          0x0000004a        0x2 /usr/local/CrossPack-AVR/bin/../lib/gcc/avr/4.5.1/../../../../avr/lib/avr25/crttn4313.o
                0x0000004a                __vector_20
                0x0000004a                __vector_12
                0x0000004a                __bad_interrupt
                0x0000004a                __vector_6
                0x0000004a                __vector_3
                0x0000004a                __vector_11
                0x0000004a                __vector_17
                0x0000004a                __vector_19
                0x0000004a                __vector_7
                0x0000004a                __vector_5
                0x0000004a                __vector_4
                0x0000004a                __vector_9
                0x0000004a                __vector_2
                0x0000004a                __vector_15
                0x0000004a                __vector_8
                0x0000004a                __vector_14
                0x0000004a                __vector_10
                0x0000004a                __vector_16
                0x0000004a                __vector_18
                0x0000004a                __vector_1
 .text          0x0000004c       0x70 main.o
                0x0000004c                main
 .text          0x000000bc       0x7a UART.o
                0x000000bc                UART_sendChar
                0x000000d2                UART_sendString
                0x00000102                UART_sendByte
                0x00000118                UART_getByte
                0x00000120                UART_initialize
 .text          0x00000136       0x48 Delay.o
                0x00000136                delay_ms
                0x00000154                delay
 .text          0x0000017e       0x64 Timer1.o
                0x0000017e                Timer1_initializeFastPwm
                0x000001b2                Timer1_stop
                0x000001c2                Timer1_start
                0x000001ce                Timer1_getValue
                0x000001d6                Timer1_setOCR1A
                0x000001dc                Timer1_setOCR1B
 .text          0x000001e2      0x106 Timer0.o
                0x000001e2                Timer0_stop
                0x000001f2                Timer0_start
                0x000001fe                Timer0_reset
                0x00000202                Timer0_initialize
                0x00000216                __vector_13
 .text          0x000002e8       0x4e SPI.o
                0x000002e8                SPI_initialize
                0x00000300                SPI_send
 .text          0x00000336      0x2ae SD.o
                0x00000336                SD_command
                0x000003a4                SD_initialize
                0x0000042e                SD_read
                0x0000052e                fat16_seek
                0x0000055c                fat16_read
 .text          0x000005e4        0x0 /usr/local/CrossPack-AVR/bin/../lib/gcc/avr/4.5.1/avr25/libgcc.a(_exit.o)
 .text          0x000005e4        0x0 /usr/local/CrossPack-AVR/bin/../lib/gcc/avr/4.5.1/avr25/libgcc.a(_clear_bss.o)
                0x000005e4                . = ALIGN (0x2)
 *(.text.*)
 .text.libgcc   0x000005e4        0x0 /usr/local/CrossPack-AVR/bin/../lib/gcc/avr/4.5.1/avr25/libgcc.a(_exit.o)
 .text.libgcc   0x000005e4        0x0 /usr/local/CrossPack-AVR/bin/../lib/gcc/avr/4.5.1/avr25/libgcc.a(_clear_bss.o)
                0x000005e4                . = ALIGN (0x2)
 *(.fini9)
 .fini9         0x000005e4        0x0 /usr/local/CrossPack-AVR/bin/../lib/gcc/avr/4.5.1/avr25/libgcc.a(_exit.o)
                0x000005e4                exit
                0x000005e4                _exit
 *(.fini9)
 *(.fini8)
 *(.fini8)
 *(.fini7)
 *(.fini7)
 *(.fini6)
 *(.fini6)
 *(.fini5)
 *(.fini5)
 *(.fini4)
 *(.fini4)
 *(.fini3)
 *(.fini3)
 *(.fini2)
 *(.fini2)
 *(.fini1)
 *(.fini1)
 *(.fini0)
 .fini0         0x000005e4        0x4 /usr/local/CrossPack-AVR/bin/../lib/gcc/avr/4.5.1/avr25/libgcc.a(_exit.o)
 *(.fini0)
                0x000005e8                _etext = .

.data           0x00800060        0x0 load address 0x000005e8
                0x00800060                PROVIDE (__data_start, .)
 *(.data)
 .data          0x00800060        0x0 /usr/local/CrossPack-AVR/bin/../lib/gcc/avr/4.5.1/../../../../avr/lib/avr25/crttn4313.o
 .data          0x00800060        0x0 main.o
 .data          0x00800060        0x0 UART.o
 .data          0x00800060        0x0 Delay.o
 .data          0x00800060        0x0 Timer1.o
 .data          0x00800060        0x0 Timer0.o
 .data          0x00800060        0x0 SPI.o
 .data          0x00800060        0x0 SD.o
 .data          0x00800060        0x0 /usr/local/CrossPack-AVR/bin/../lib/gcc/avr/4.5.1/avr25/libgcc.a(_exit.o)
 .data          0x00800060        0x0 /usr/local/CrossPack-AVR/bin/../lib/gcc/avr/4.5.1/avr25/libgcc.a(_clear_bss.o)
 *(.data*)
 *(.rodata)
 *(.rodata*)
 *(.gnu.linkonce.d*)
                0x00800060                . = ALIGN (0x2)
                0x00800060                _edata = .
                0x00800060                PROVIDE (__data_end, .)

.bss            0x00800060       0x30
                0x00800060                PROVIDE (__bss_start, .)
 *(.bss)
 .bss           0x00800060        0x0 /usr/local/CrossPack-AVR/bin/../lib/gcc/avr/4.5.1/../../../../avr/lib/avr25/crttn4313.o
 .bss           0x00800060        0x0 main.o
 .bss           0x00800060        0x0 UART.o
 .bss           0x00800060        0x0 Delay.o
 .bss           0x00800060        0x1 Timer1.o
                0x00800060                savePrescale
 .bss           0x00800061        0x9 Timer0.o
                0x00800061                prescale
                0x00800062                currentMilliSeconds
                0x00800064                currentSeconds
                0x00800068                interruptCounter
 .bss           0x0080006a        0x0 SPI.o
 .bss           0x0080006a        0x0 SD.o
 .bss           0x0080006a        0x0 /usr/local/CrossPack-AVR/bin/../lib/gcc/avr/4.5.1/avr25/libgcc.a(_exit.o)
 .bss           0x0080006a        0x0 /usr/local/CrossPack-AVR/bin/../lib/gcc/avr/4.5.1/avr25/libgcc.a(_clear_bss.o)
 *(.bss*)
 *(COMMON)
 COMMON         0x0080006a       0x26 SD.o
                0x0080006a                sd_sector
                0x0080006e                fat16_buffer
                0x0080008e                sd_pos
                0x00800090                PROVIDE (__bss_end, .)
                0x000005e8                __data_load_start = LOADADDR (.data)
                0x000005e8                __data_load_end = (__data_load_start + SIZEOF (.data))

.noinit         0x00800090        0x0
                0x00800090                PROVIDE (__noinit_start, .)
 *(.noinit*)
                0x00800090                PROVIDE (__noinit_end, .)
                0x00800090                _end = .
                0x00800090                PROVIDE (__heap_start, .)

.eeprom         0x00810000        0x0
 *(.eeprom*)
                0x00810000                __eeprom_end = .

.fuse
 *(.fuse)
 *(.lfuse)
 *(.hfuse)
 *(.efuse)

.lock
 *(.lock*)

.signature
 *(.signature*)

.stab           0x00000000      0x6cc
 *(.stab)
 .stab          0x00000000      0x6cc /usr/local/CrossPack-AVR/bin/../lib/gcc/avr/4.5.1/../../../../avr/lib/avr25/crttn4313.o

.stabstr        0x00000000       0x81
 *(.stabstr)
 .stabstr       0x00000000       0x81 /usr/local/CrossPack-AVR/bin/../lib/gcc/avr/4.5.1/../../../../avr/lib/avr25/crttn4313.o

.stab.excl
 *(.stab.excl)

.stab.exclstr
 *(.stab.exclstr)

.stab.index
 *(.stab.index)

.stab.indexstr
 *(.stab.indexstr)

.comment
 *(.comment)

.debug
 *(.debug)

.line
 *(.line)

.debug_srcinfo
 *(.debug_srcinfo)

.debug_sfnames
 *(.debug_sfnames)

.debug_aranges  0x00000000       0xe0
 *(.debug_aranges)
 .debug_aranges
                0x00000000       0x20 main.o
 .debug_aranges
                0x00000020       0x20 UART.o
 .debug_aranges
                0x00000040       0x20 Delay.o
 .debug_aranges
                0x00000060       0x20 Timer1.o
 .debug_aranges
                0x00000080       0x20 Timer0.o
 .debug_aranges
                0x000000a0       0x20 SPI.o
 .debug_aranges
                0x000000c0       0x20 SD.o

.debug_pubnames
                0x00000000      0x2c0
 *(.debug_pubnames)
 .debug_pubnames
                0x00000000       0x1b main.o
 .debug_pubnames
                0x0000001b       0x6f UART.o
 .debug_pubnames
                0x0000008a       0x29 Delay.o
 .debug_pubnames
                0x000000b3       0x9d Timer1.o
 .debug_pubnames
                0x00000150       0xb7 Timer0.o
 .debug_pubnames
                0x00000207       0x32 SPI.o
 .debug_pubnames
                0x00000239       0x87 SD.o

.debug_info     0x00000000      0x934
 *(.debug_info)
 .debug_info    0x00000000       0xc0 main.o
 .debug_info    0x000000c0      0x12b UART.o
 .debug_info    0x000001eb      0x11d Delay.o
 .debug_info    0x00000308      0x15c Timer1.o
 .debug_info    0x00000464      0x173 Timer0.o
 .debug_info    0x000005d7       0xdb SPI.o
 .debug_info    0x000006b2      0x282 SD.o
 *(.gnu.linkonce.wi.*)

.debug_abbrev   0x00000000      0x4cc
 *(.debug_abbrev)
 .debug_abbrev  0x00000000       0x89 main.o
 .debug_abbrev  0x00000089       0xae UART.o
 .debug_abbrev  0x00000137       0xb8 Delay.o
 .debug_abbrev  0x000001ef       0xc1 Timer1.o
 .debug_abbrev  0x000002b0       0x75 Timer0.o
 .debug_abbrev  0x00000325       0x9d SPI.o
 .debug_abbrev  0x000003c2      0x10a SD.o

.debug_line     0x00000000      0xafe
 *(.debug_line)
 .debug_line    0x00000000      0x110 main.o
 .debug_line    0x00000110      0x17e UART.o
 .debug_line    0x0000028e      0x123 Delay.o
 .debug_line    0x000003b1      0x168 Timer1.o
 .debug_line    0x00000519      0x18c Timer0.o
 .debug_line    0x000006a5      0x155 SPI.o
 .debug_line    0x000007fa      0x304 SD.o

.debug_frame    0x00000000      0x210
 *(.debug_frame)
 .debug_frame   0x00000000       0x20 main.o
 .debug_frame   0x00000020       0x60 UART.o
 .debug_frame   0x00000080       0x30 Delay.o
 .debug_frame   0x000000b0       0x70 Timer1.o
 .debug_frame   0x00000120       0x60 Timer0.o
 .debug_frame   0x00000180       0x30 SPI.o
 .debug_frame   0x000001b0       0x60 SD.o

.debug_str      0x00000000      0x2d6
 *(.debug_str)
 .debug_str     0x00000000       0x97 main.o
                                 0xcb (size before relaxing)
 .debug_str     0x00000097       0x57 UART.o
                                0x10b (size before relaxing)
 .debug_str     0x000000ee       0x36 Delay.o
                                 0xee (size before relaxing)
 .debug_str     0x00000124       0x96 Timer1.o
                                0x14e (size before relaxing)
 .debug_str     0x000001ba       0x7f Timer0.o
                                0x14b (size before relaxing)
 .debug_str     0x00000239       0x23 SPI.o
                                 0xd7 (size before relaxing)
 .debug_str     0x0000025c       0x7a SD.o
                                0x153 (size before relaxing)

.debug_loc      0x00000000      0x37a
 *(.debug_loc)
 .debug_loc     0x00000000       0x14 main.o
 .debug_loc     0x00000014       0x62 UART.o
 .debug_loc     0x00000076       0x74 Delay.o
 .debug_loc     0x000000ea       0x29 Timer1.o
 .debug_loc     0x00000113       0x65 SPI.o
 .debug_loc     0x00000178      0x202 SD.o

.debug_macinfo
 *(.debug_macinfo)
OUTPUT(sdCard.elf elf32-avr)
LOAD linker stubs

.debug_pubtypes
                0x00000000      0x120
 .debug_pubtypes
                0x00000000       0x2b main.o
 .debug_pubtypes
                0x0000002b       0x1e UART.o
 .debug_pubtypes
                0x00000049       0x2b Delay.o
 .debug_pubtypes
                0x00000074       0x2b Timer1.o
 .debug_pubtypes
                0x0000009f       0x38 Timer0.o
 .debug_pubtypes
                0x000000d7       0x1e SPI.o
 .debug_pubtypes
                0x000000f5       0x2b SD.o

Cross Reference Table

Symbol                                            File
SD_command                                        SD.o
SD_initialize                                     SD.o
                                                  main.o
SD_read                                           SD.o
                                                  main.o
SPI_initialize                                    SPI.o
                                                  main.o
SPI_send                                          SPI.o
                                                  SD.o
Timer0_initialize                                 Timer0.o
                                                  main.o
Timer0_reset                                      Timer0.o
Timer0_start                                      Timer0.o
Timer0_stop                                       Timer0.o
Timer1_getValue                                   Timer1.o
Timer1_initializeFastPwm                          Timer1.o
                                                  main.o
Timer1_setOCR1A                                   Timer1.o
Timer1_setOCR1B                                   Timer1.o
Timer1_start                                      Timer1.o
Timer1_stop                                       Timer1.o
UART_getByte                                      UART.o
UART_initialize                                   UART.o
                                                  main.o
UART_sendByte                                     UART.o
                                                  main.o
UART_sendChar                                     UART.o
UART_sendString                                   UART.o
__bad_interrupt                                   /usr/local/CrossPack-AVR/bin/../lib/gcc/avr/4.5.1/../../../../avr/lib/avr25/crttn4313.o
__bss_end                                         /usr/local/CrossPack-AVR/bin/../lib/gcc/avr/4.5.1/avr25/libgcc.a(_clear_bss.o)
__bss_start                                       /usr/local/CrossPack-AVR/bin/../lib/gcc/avr/4.5.1/avr25/libgcc.a(_clear_bss.o)
__do_clear_bss                                    /usr/local/CrossPack-AVR/bin/../lib/gcc/avr/4.5.1/avr25/libgcc.a(_clear_bss.o)
                                                  SD.o
                                                  Timer0.o
                                                  Timer1.o
__heap_end                                        /usr/local/CrossPack-AVR/bin/../lib/gcc/avr/4.5.1/../../../../avr/lib/avr25/crttn4313.o
__init                                            /usr/local/CrossPack-AVR/bin/../lib/gcc/avr/4.5.1/../../../../avr/lib/avr25/crttn4313.o
__stack                                           /usr/local/CrossPack-AVR/bin/../lib/gcc/avr/4.5.1/../../../../avr/lib/avr25/crttn4313.o
__vector_1                                        /usr/local/CrossPack-AVR/bin/../lib/gcc/avr/4.5.1/../../../../avr/lib/avr25/crttn4313.o
__vector_10                                       /usr/local/CrossPack-AVR/bin/../lib/gcc/avr/4.5.1/../../../../avr/lib/avr25/crttn4313.o
__vector_11                                       /usr/local/CrossPack-AVR/bin/../lib/gcc/avr/4.5.1/../../../../avr/lib/avr25/crttn4313.o
__vector_12                                       /usr/local/CrossPack-AVR/bin/../lib/gcc/avr/4.5.1/../../../../avr/lib/avr25/crttn4313.o
__vector_13                                       Timer0.o
                                                  /usr/local/CrossPack-AVR/bin/../lib/gcc/avr/4.5.1/../../../../avr/lib/avr25/crttn4313.o
__vector_14                                       /usr/local/CrossPack-AVR/bin/../lib/gcc/avr/4.5.1/../../../../avr/lib/avr25/crttn4313.o
__vector_15                                       /usr/local/CrossPack-AVR/bin/../lib/gcc/avr/4.5.1/../../../../avr/lib/avr25/crttn4313.o
__vector_16                                       /usr/local/CrossPack-AVR/bin/../lib/gcc/avr/4.5.1/../../../../avr/lib/avr25/crttn4313.o
__vector_17                                       /usr/local/CrossPack-AVR/bin/../lib/gcc/avr/4.5.1/../../../../avr/lib/avr25/crttn4313.o
__vector_18                                       /usr/local/CrossPack-AVR/bin/../lib/gcc/avr/4.5.1/../../../../avr/lib/avr25/crttn4313.o
__vector_19                                       /usr/local/CrossPack-AVR/bin/../lib/gcc/avr/4.5.1/../../../../avr/lib/avr25/crttn4313.o
__vector_2                                        /usr/local/CrossPack-AVR/bin/../lib/gcc/avr/4.5.1/../../../../avr/lib/avr25/crttn4313.o
__vector_20                                       /usr/local/CrossPack-AVR/bin/../lib/gcc/avr/4.5.1/../../../../avr/lib/avr25/crttn4313.o
__vector_3                                        /usr/local/CrossPack-AVR/bin/../lib/gcc/avr/4.5.1/../../../../avr/lib/avr25/crttn4313.o
__vector_4                                        /usr/local/CrossPack-AVR/bin/../lib/gcc/avr/4.5.1/../../../../avr/lib/avr25/crttn4313.o
__vector_5                                        /usr/local/CrossPack-AVR/bin/../lib/gcc/avr/4.5.1/../../../../avr/lib/avr25/crttn4313.o
__vector_6                                        /usr/local/CrossPack-AVR/bin/../lib/gcc/avr/4.5.1/../../../../avr/lib/avr25/crttn4313.o
__vector_7                                        /usr/local/CrossPack-AVR/bin/../lib/gcc/avr/4.5.1/../../../../avr/lib/avr25/crttn4313.o
__vector_8                                        /usr/local/CrossPack-AVR/bin/../lib/gcc/avr/4.5.1/../../../../avr/lib/avr25/crttn4313.o
__vector_9                                        /usr/local/CrossPack-AVR/bin/../lib/gcc/avr/4.5.1/../../../../avr/lib/avr25/crttn4313.o
__vector_default                                  /usr/local/CrossPack-AVR/bin/../lib/gcc/avr/4.5.1/../../../../avr/lib/avr25/crttn4313.o
__vectors                                         /usr/local/CrossPack-AVR/bin/../lib/gcc/avr/4.5.1/../../../../avr/lib/avr25/crttn4313.o
_exit                                             /usr/local/CrossPack-AVR/bin/../lib/gcc/avr/4.5.1/avr25/libgcc.a(_exit.o)
currentMilliSeconds                               Timer0.o
                                                  Delay.o
currentSeconds                                    Timer0.o
delay                                             Delay.o
                                                  SPI.o
                                                  UART.o
delay_ms                                          Delay.o
                                                  SD.o
exit                                              /usr/local/CrossPack-AVR/bin/../lib/gcc/avr/4.5.1/avr25/libgcc.a(_exit.o)
                                                  /usr/local/CrossPack-AVR/bin/../lib/gcc/avr/4.5.1/../../../../avr/lib/avr25/crttn4313.o
fat16_buffer                                      SD.o
fat16_read                                        SD.o
fat16_seek                                        SD.o
interruptCounter                                  Timer0.o
main                                              main.o
                                                  /usr/local/CrossPack-AVR/bin/../lib/gcc/avr/4.5.1/../../../../avr/lib/avr25/crttn4313.o
prescale                                          Timer0.o
savePrescale                                      Timer1.o
sd_pos                                            SD.o
sd_sector                                         SD.o
